// Jest Snapshot v1, https://goo.gl/fbAQLP

exports[`Test the Rockets Component should match to snapshot 1`] = `<div />`;
